Python
JavaScript
Java
C++
Ruby